[2026-04-18 18:45:04] INFO: Database connected
[2026-04-18 18:45:04] INFO: Server running on http://localhost:3000/api/v1
[2026-04-18 19:05:45] INFO: Database connected
[2026-04-18 19:05:45] INFO: Server running on http://localhost:3000/api/v1
[2026-04-18 19:05:49] ERROR: Failed to create audit log: AuditLog validation failed: performerRole: Path `performerRole` is required., category: Path `category` is required.
[2026-04-18 19:07:51] ERROR: Failed to create audit log: AuditLog validation failed: performerRole: Path `performerRole` is required., category: Path `category` is required.
[2026-04-18 19:15:47] ERROR: Failed to create audit log: AuditLog validation failed: performerRole: Path `performerRole` is required., category: Path `category` is required.
[2026-04-18 19:16:18] INFO: Database connected
[2026-04-18 19:16:18] INFO: Server running on http://localhost:3000/api/v1
[2026-04-18 19:42:44] INFO: Database connected
[2026-04-18 19:42:44] INFO: Server running on http://localhost:3000/api/v1
[2026-04-19 11:51:59] INFO: Database connected
[2026-04-19 11:51:59] INFO: Server running on http://localhost:3000/api/v1
[2026-04-19 12:24:40] INFO: Database connected
[2026-04-19 12:24:40] INFO: Server running on http://localhost:3000/api/v1
[2026-04-19 13:08:02] INFO: Database connected
[2026-04-19 13:08:02] INFO: Server running on http://localhost:3000/api/v1
[2026-04-19 13:12:06] INFO: Database connected
[2026-04-19 13:12:06] INFO: Server running on http://localhost:3000/api/v1
[2026-04-19 13:26:53] INFO: Database connected
[2026-04-19 13:26:53] INFO: Server running on http://localhost:3000/api/v1
[2026-04-19 13:27:01] ERROR: Failed to create audit log: AuditLog validation failed: performedBy: Path `performedBy` is required., performerRole: Path `performerRole` is required.
[2026-04-19 13:32:16] ERROR: Failed to create audit log: AuditLog validation failed: performedBy: Path `performedBy` is required., performerRole: Path `performerRole` is required.
[2026-04-19 13:46:13] INFO: Database connected
[2026-04-19 13:46:13] INFO: Server running on http://localhost:3000/api/v1
[2026-04-19 13:46:17] ERROR: Failed to create audit log: AuditLog validation failed: performedBy: Path `performedBy` is required., performerRole: Path `performerRole` is required., category: Path `category` is required.
[2026-04-19 13:51:51] ERROR: Failed to create audit log: AuditLog validation failed: performedBy: Path `performedBy` is required., performerRole: Path `performerRole` is required., category: Path `category` is required.
[2026-04-19 14:04:39] ERROR: Failed to create audit log: AuditLog validation failed: performedBy: Path `performedBy` is required., performerRole: Path `performerRole` is required., category: Path `category` is required.
[2026-04-19 14:09:31] INFO: Database connected
[2026-04-19 14:09:31] INFO: Server running on http://localhost:3000/api/v1
[2026-04-19 14:09:40] ERROR: Failed to create audit log: AuditLog validation failed: performedBy: Path `performedBy` is required., performerRole: Path `performerRole` is required., category: Path `category` is required.
[2026-04-19 15:37:30] INFO: Database connected
[2026-04-19 15:37:30] INFO: Server running on http://localhost:3000/api/v1
[2026-04-19 15:40:33] INFO: Database connected
[2026-04-19 15:40:33] INFO: Server running on http://localhost:3000/api/v1
[2026-04-19 15:48:07] INFO: Database connected
[2026-04-19 15:48:07] INFO: Server running on http://localhost:3000/api/v1
[2026-04-19 15:52:12] INFO: Database connected
[2026-04-19 15:52:12] INFO: Server running on http://localhost:3000/api/v1
[2026-04-19 18:46:09] INFO: Database connected
[2026-04-19 18:46:09] INFO: Server running on http://localhost:3000/api/v1
[2026-04-19 18:53:35] INFO: Database connected
[2026-04-19 18:53:35] INFO: Server running on http://localhost:3000/api/v1
[2026-04-19 19:03:39] ERROR: Failed to create audit log: AuditLog validation failed: performedBy: Path `performedBy` is required., performerRole: Path `performerRole` is required., category: Path `category` is required.
[2026-04-19 19:07:02] INFO: Database connected
[2026-04-19 19:07:02] INFO: Server running on http://localhost:3000/api/v1
[2026-04-19 19:28:59] ERROR: Failed to create audit log: AuditLog validation failed: performedBy: Path `performedBy` is required., performerRole: Path `performerRole` is required., category: Path `category` is required.
[2026-04-19 19:30:34] ERROR: Failed to create audit log: AuditLog validation failed: performedBy: Path `performedBy` is required., performerRole: Path `performerRole` is required., category: Path `category` is required.
[2026-04-19 19:33:48] ERROR: Failed to create audit log: AuditLog validation failed: performedBy: Path `performedBy` is required., performerRole: Path `performerRole` is required., category: Path `category` is required.
[2026-04-19 19:34:14] ERROR: Failed to create audit log: AuditLog validation failed: performedBy: Path `performedBy` is required., performerRole: Path `performerRole` is required., category: Path `category` is required.
[2026-04-21 23:34:23] INFO: Database connected
[2026-04-21 23:34:23] INFO: Server running on http://localhost:3000/api/v1
[2026-04-21 23:34:37] INFO: Database connected
[2026-04-21 23:34:37] INFO: Server running on http://localhost:3000/api/v1
[2026-04-21 23:36:57] INFO: Database connected
[2026-04-21 23:36:57] INFO: Server running on http://localhost:3000/api/v1
[2026-04-22 00:00:46] INFO: MongoDB connected: localhost
[2026-04-22 00:00:46] INFO: Database connected
[2026-04-22 00:00:46] INFO: Server running on http://localhost:3000/api/v1
[2026-04-22 00:02:21] INFO: MongoDB connected: localhost
[2026-04-22 00:02:21] INFO: Database connected
[2026-04-22 00:02:21] INFO: Server running on http://localhost:3000/api/v1
[2026-04-22 00:04:36] INFO: MongoDB connected: localhost
[2026-04-22 00:04:36] INFO: Database connected
[2026-04-22 00:04:36] INFO: Server running on http://localhost:3000/api/v1
[2026-04-22 00:10:44] INFO: MongoDB connected: localhost
[2026-04-22 00:10:44] INFO: Database connected
[2026-04-22 00:10:44] INFO: Server running on http://localhost:3000/api/v1
[2026-04-22 00:15:59] INFO: MongoDB connected: localhost
[2026-04-22 00:15:59] INFO: Database connected
[2026-04-22 00:15:59] INFO: Server running on http://localhost:3000/api/v1
[2026-04-22 00:24:39] INFO: MongoDB connected: localhost
[2026-04-22 00:24:39] INFO: Database connected
[2026-04-22 00:24:39] INFO: Server running on http://localhost:3000/api/v1
[2026-04-22 19:52:57] INFO: MongoDB connected: localhost
[2026-04-22 19:52:57] INFO: Database connected
[2026-04-22 19:52:57] INFO: Server running on http://localhost:3000/api/v1
[2026-04-22 19:58:30] INFO: MongoDB connected: localhost
[2026-04-22 19:58:30] INFO: Database connected
[2026-04-22 19:58:30] INFO: Server running on http://localhost:3000/api/v1
[2026-04-22 20:12:50] INFO: MongoDB connected: localhost
[2026-04-22 20:12:50] INFO: Database connected
[2026-04-22 20:12:50] INFO: Server running on http://localhost:3000/api/v1
[2026-04-23 11:35:32] INFO: MongoDB connected: localhost
[2026-04-23 11:35:32] INFO: Database connected
[2026-04-23 11:35:32] INFO: Server running on http://localhost:3000/api/v1
[2026-04-23 11:36:40] INFO: MongoDB connected: localhost
[2026-04-23 11:36:40] INFO: Database connected
[2026-04-23 11:36:40] INFO: Server running on http://localhost:3000/api/v1
[2026-04-23 11:53:59] INFO: MongoDB connected: localhost
[2026-04-23 11:57:26] INFO: MongoDB connected: localhost
[2026-04-23 11:57:26] INFO: Database connected
[2026-04-23 11:57:26] INFO: Server running on http://localhost:3000/api/v1
[2026-04-23 11:59:09] INFO: MongoDB connected: localhost
[2026-04-23 11:59:09] INFO: Database connected
[2026-04-23 11:59:09] INFO: Server running on http://localhost:3000/api/v1
[2026-04-23 12:01:41] INFO: MongoDB connected: localhost
[2026-04-23 12:03:09] INFO: MongoDB connected: localhost
[2026-04-23 12:13:39] INFO: MongoDB connected: localhost
[2026-04-23 12:13:39] INFO: Database connected
[2026-04-23 12:13:39] INFO: Server running on http://localhost:3000/api/v1
[2026-04-23 12:13:44] INFO: MongoDB connected: localhost
[2026-04-23 12:13:44] INFO: Database connected
[2026-04-23 12:13:44] INFO: Server running on http://localhost:3000/api/v1
[2026-04-23 12:14:05] INFO: MongoDB connected: localhost
[2026-04-23 12:14:05] INFO: Database connected
[2026-04-23 12:14:05] INFO: Server running on http://localhost:3000/api/v1
[2026-04-23 12:14:07] INFO: MongoDB connected: localhost
[2026-04-23 12:14:07] INFO: Database connected
[2026-04-23 12:14:07] INFO: Server running on http://localhost:3000/api/v1
[2026-04-23 12:14:10] INFO: MongoDB connected: localhost
[2026-04-23 12:14:10] INFO: Database connected
[2026-04-23 12:14:10] INFO: Server running on http://localhost:3000/api/v1
[2026-04-23 12:14:11] INFO: MongoDB connected: localhost
[2026-04-23 12:14:11] INFO: Database connected
[2026-04-23 12:14:11] INFO: Server running on http://localhost:3000/api/v1
[2026-04-23 12:14:34] INFO: MongoDB connected: localhost
[2026-04-23 12:14:34] INFO: Database connected
[2026-04-23 12:14:34] INFO: Server running on http://localhost:3000/api/v1
[2026-04-23 12:34:09] INFO: MongoDB connected: ac-rsbwybx-shard-00-00.cbxaw7n.mongodb.net
[2026-04-23 12:34:09] INFO: Database connected
[2026-04-23 12:34:09] INFO: Server running on http://localhost:3000/api/v1
[2026-04-23 12:40:19] ERROR: Failed to create audit log: AuditLog validation failed: performedBy: Path `performedBy` is required., performerRole: Path `performerRole` is required., category: Path `category` is required.
[2026-04-23 12:41:47] ERROR: Failed to create audit log: AuditLog validation failed: performedBy: Path `performedBy` is required., performerRole: Path `performerRole` is required., category: Path `category` is required.
[2026-04-23 12:43:40] ERROR: Failed to create audit log: AuditLog validation failed: performerRole: Path `performerRole` is required.
[2026-04-23 12:44:40] ERROR: Failed to create audit log: AuditLog validation failed: performerRole: Path `performerRole` is required.
[2026-04-23 14:08:28] ERROR: MongoDB connection failed: Could not connect to any servers in your MongoDB Atlas cluster. One common reason is that you're trying to access the database from an IP that isn't whitelisted. Make sure your current IP address is on your Atlas cluster's IP whitelist: https://www.mongodb.com/docs/atlas/security-whitelist/
[2026-04-23 14:09:31] ERROR: MongoDB connection failed: Could not connect to any servers in your MongoDB Atlas cluster. One common reason is that you're trying to access the database from an IP that isn't whitelisted. Make sure your current IP address is on your Atlas cluster's IP whitelist: https://www.mongodb.com/docs/atlas/security-whitelist/
[2026-04-23 14:11:48] INFO: MongoDB connected: ac-rsbwybx-shard-00-00.cbxaw7n.mongodb.net
[2026-04-23 14:11:48] INFO: Database connected
[2026-04-23 14:11:48] INFO: Server running on http://localhost:3000/api/v1
[2026-04-23 14:15:52] INFO: MongoDB connected: ac-rsbwybx-shard-00-00.cbxaw7n.mongodb.net
[2026-04-23 14:15:52] INFO: Database connected
[2026-04-23 14:15:52] INFO: Server running on http://localhost:3000/api/v1
[2026-04-23 14:21:09] ERROR: MongoDB connection failed: Could not connect to any servers in your MongoDB Atlas cluster. One common reason is that you're trying to access the database from an IP that isn't whitelisted. Make sure your current IP address is on your Atlas cluster's IP whitelist: https://www.mongodb.com/docs/atlas/security-whitelist/
[2026-04-23 14:22:44] INFO: MongoDB connected: ac-rsbwybx-shard-00-00.cbxaw7n.mongodb.net
[2026-04-23 14:22:44] INFO: Database connected
[2026-04-23 14:22:44] INFO: Server running on http://localhost:3000/api/v1
[2026-04-23 14:25:23] INFO: MongoDB connected: ac-rsbwybx-shard-00-00.cbxaw7n.mongodb.net
[2026-04-23 14:25:23] INFO: Database connected
[2026-04-23 14:25:23] INFO: Server running on http://localhost:3000/api/v1
[2026-04-23 14:25:47] ERROR: Failed to create audit log: AuditLog validation failed: performedBy: Path `performedBy` is required., performerRole: Path `performerRole` is required., category: Path `category` is required.
[2026-04-23 14:26:17] ERROR: Failed to create audit log: AuditLog validation failed: performedBy: Path `performedBy` is required., performerRole: Path `performerRole` is required., category: Path `category` is required.
[2026-04-23 19:17:55] INFO: MongoDB connected: ac-rsbwybx-shard-00-00.cbxaw7n.mongodb.net
[2026-04-23 19:17:55] INFO: Database connected
[2026-04-23 19:17:55] INFO: Server running on http://localhost:3000/api/v1
[2026-04-23 19:24:49] INFO: MongoDB connected: ac-rsbwybx-shard-00-00.cbxaw7n.mongodb.net
[2026-04-23 19:27:40] INFO: MongoDB connected: ac-rsbwybx-shard-00-00.cbxaw7n.mongodb.net
[2026-04-23 19:27:40] INFO: Database connected
[2026-04-23 19:27:40] INFO: Server running on http://localhost:3000/api/v1
[2026-04-23 19:44:32] ERROR: Failed to create audit log: AuditLog validation failed: performedBy: Path `performedBy` is required.
[2026-04-23 20:10:14] ERROR: Failed to create audit log: AuditLog validation failed: performedBy: Path `performedBy` is required., performerRole: Path `performerRole` is required., category: Path `category` is required.
[2026-04-23 20:11:03] ERROR: Failed to create audit log: AuditLog validation failed: performedBy: Path `performedBy` is required., performerRole: Path `performerRole` is required., category: Path `category` is required.
[2026-04-23 20:12:06] ERROR: Failed to create audit log: AuditLog validation failed: performerRole: Path `performerRole` is required.
[2026-04-23 20:12:57] ERROR: Failed to create audit log: AuditLog validation failed: performerRole: Path `performerRole` is required.
[2026-04-23 20:13:42] ERROR: Failed to create audit log: AuditLog validation failed: performedBy: Path `performedBy` is required., performerRole: Path `performerRole` is required., category: Path `category` is required.
[2026-04-23 20:23:45] ERROR: Failed to create audit log: AuditLog validation failed: performedBy: Path `performedBy` is required.
[2026-04-23 20:24:32] ERROR: Failed to create audit log: AuditLog validation failed: performedBy: Path `performedBy` is required., performerRole: Path `performerRole` is required., category: Path `category` is required.
[2026-04-23 20:25:00] ERROR: Failed to create audit log: AuditLog validation failed: performedBy: Path `performedBy` is required., performerRole: Path `performerRole` is required., category: Path `category` is required.
[2026-04-24 12:28:19] INFO: MongoDB connected: ac-rsbwybx-shard-00-00.cbxaw7n.mongodb.net
[2026-04-24 12:28:19] INFO: Database connected
[2026-04-24 12:28:19] INFO: Server running on http://localhost:3000/api/v1
[2026-04-24 12:41:56] INFO: MongoDB connected: ac-rsbwybx-shard-00-00.cbxaw7n.mongodb.net
[2026-04-24 12:41:56] INFO: Database connected
[2026-04-24 12:41:56] INFO: Server running on http://localhost:3000/api/v1
[2026-04-24 13:26:29] INFO: MongoDB connected: ac-rsbwybx-shard-00-00.cbxaw7n.mongodb.net
[2026-04-24 13:26:29] INFO: Database connected
[2026-04-24 13:26:29] INFO: Server running on http://localhost:3000/api/v1
