[2026-04-18 19:05:49] ERROR: Failed to create audit log: AuditLog validation failed: performerRole: Path `performerRole` is required., category: Path `category` is required.
[2026-04-18 19:07:51] ERROR: Failed to create audit log: AuditLog validation failed: performerRole: Path `performerRole` is required., category: Path `category` is required.
[2026-04-18 19:15:47] ERROR: Failed to create audit log: AuditLog validation failed: performerRole: Path `performerRole` is required., category: Path `category` is required.
[2026-04-19 13:27:01] ERROR: Failed to create audit log: AuditLog validation failed: performedBy: Path `performedBy` is required., performerRole: Path `performerRole` is required.
[2026-04-19 13:32:16] ERROR: Failed to create audit log: AuditLog validation failed: performedBy: Path `performedBy` is required., performerRole: Path `performerRole` is required.
[2026-04-19 13:46:17] ERROR: Failed to create audit log: AuditLog validation failed: performedBy: Path `performedBy` is required., performerRole: Path `performerRole` is required., category: Path `category` is required.
[2026-04-19 13:51:51] ERROR: Failed to create audit log: AuditLog validation failed: performedBy: Path `performedBy` is required., performerRole: Path `performerRole` is required., category: Path `category` is required.
[2026-04-19 14:04:39] ERROR: Failed to create audit log: AuditLog validation failed: performedBy: Path `performedBy` is required., performerRole: Path `performerRole` is required., category: Path `category` is required.
[2026-04-19 14:09:40] ERROR: Failed to create audit log: AuditLog validation failed: performedBy: Path `performedBy` is required., performerRole: Path `performerRole` is required., category: Path `category` is required.
[2026-04-19 19:03:39] ERROR: Failed to create audit log: AuditLog validation failed: performedBy: Path `performedBy` is required., performerRole: Path `performerRole` is required., category: Path `category` is required.
[2026-04-19 19:28:59] ERROR: Failed to create audit log: AuditLog validation failed: performedBy: Path `performedBy` is required., performerRole: Path `performerRole` is required., category: Path `category` is required.
[2026-04-19 19:30:34] ERROR: Failed to create audit log: AuditLog validation failed: performedBy: Path `performedBy` is required., performerRole: Path `performerRole` is required., category: Path `category` is required.
[2026-04-19 19:33:48] ERROR: Failed to create audit log: AuditLog validation failed: performedBy: Path `performedBy` is required., performerRole: Path `performerRole` is required., category: Path `category` is required.
[2026-04-19 19:34:14] ERROR: Failed to create audit log: AuditLog validation failed: performedBy: Path `performedBy` is required., performerRole: Path `performerRole` is required., category: Path `category` is required.
[2026-04-23 12:17:09] ERROR: MongoDB connection failed: Could not connect to any servers in your MongoDB Atlas cluster. One common reason is that you're trying to access the database from an IP that isn't whitelisted. Make sure your current IP address is on your Atlas cluster's IP whitelist: https://www.mongodb.com/docs/atlas/security-whitelist/
[2026-04-23 12:40:19] ERROR: Failed to create audit log: AuditLog validation failed: performedBy: Path `performedBy` is required., performerRole: Path `performerRole` is required., category: Path `category` is required.
[2026-04-23 12:41:47] ERROR: Failed to create audit log: AuditLog validation failed: performedBy: Path `performedBy` is required., performerRole: Path `performerRole` is required., category: Path `category` is required.
[2026-04-23 12:43:40] ERROR: Failed to create audit log: AuditLog validation failed: performerRole: Path `performerRole` is required.
[2026-04-23 12:44:40] ERROR: Failed to create audit log: AuditLog validation failed: performerRole: Path `performerRole` is required.
[2026-04-23 14:08:28] ERROR: MongoDB connection failed: Could not connect to any servers in your MongoDB Atlas cluster. One common reason is that you're trying to access the database from an IP that isn't whitelisted. Make sure your current IP address is on your Atlas cluster's IP whitelist: https://www.mongodb.com/docs/atlas/security-whitelist/
[2026-04-23 14:09:31] ERROR: MongoDB connection failed: Could not connect to any servers in your MongoDB Atlas cluster. One common reason is that you're trying to access the database from an IP that isn't whitelisted. Make sure your current IP address is on your Atlas cluster's IP whitelist: https://www.mongodb.com/docs/atlas/security-whitelist/
[2026-04-23 14:21:09] ERROR: MongoDB connection failed: Could not connect to any servers in your MongoDB Atlas cluster. One common reason is that you're trying to access the database from an IP that isn't whitelisted. Make sure your current IP address is on your Atlas cluster's IP whitelist: https://www.mongodb.com/docs/atlas/security-whitelist/
[2026-04-23 14:25:47] ERROR: Failed to create audit log: AuditLog validation failed: performedBy: Path `performedBy` is required., performerRole: Path `performerRole` is required., category: Path `category` is required.
[2026-04-23 14:26:17] ERROR: Failed to create audit log: AuditLog validation failed: performedBy: Path `performedBy` is required., performerRole: Path `performerRole` is required., category: Path `category` is required.
[2026-04-23 19:44:32] ERROR: Failed to create audit log: AuditLog validation failed: performedBy: Path `performedBy` is required.
[2026-04-23 20:10:14] ERROR: Failed to create audit log: AuditLog validation failed: performedBy: Path `performedBy` is required., performerRole: Path `performerRole` is required., category: Path `category` is required.
[2026-04-23 20:11:03] ERROR: Failed to create audit log: AuditLog validation failed: performedBy: Path `performedBy` is required., performerRole: Path `performerRole` is required., category: Path `category` is required.
[2026-04-23 20:12:06] ERROR: Failed to create audit log: AuditLog validation failed: performerRole: Path `performerRole` is required.
[2026-04-23 20:12:57] ERROR: Failed to create audit log: AuditLog validation failed: performerRole: Path `performerRole` is required.
[2026-04-23 20:13:42] ERROR: Failed to create audit log: AuditLog validation failed: performedBy: Path `performedBy` is required., performerRole: Path `performerRole` is required., category: Path `category` is required.
[2026-04-23 20:23:45] ERROR: Failed to create audit log: AuditLog validation failed: performedBy: Path `performedBy` is required.
[2026-04-23 20:24:32] ERROR: Failed to create audit log: AuditLog validation failed: performedBy: Path `performedBy` is required., performerRole: Path `performerRole` is required., category: Path `category` is required.
[2026-04-23 20:25:00] ERROR: Failed to create audit log: AuditLog validation failed: performedBy: Path `performedBy` is required., performerRole: Path `performerRole` is required., category: Path `category` is required.
[2026-04-24 13:42:39] ERROR: Failed to create audit log: AuditLog validation failed: performedBy: Path `performedBy` is required.
[2026-04-24 13:43:27] ERROR: Failed to create audit log: AuditLog validation failed: performedBy: Path `performedBy` is required., performerRole: Path `performerRole` is required., category: Path `category` is required.
[2026-04-24 13:44:08] ERROR: Failed to create audit log: AuditLog validation failed: performedBy: Path `performedBy` is required., performerRole: Path `performerRole` is required., category: Path `category` is required.
[2026-04-24 13:45:04] ERROR: Failed to create audit log: AuditLog validation failed: performerRole: Path `performerRole` is required.
[2026-04-24 13:45:46] ERROR: Failed to create audit log: AuditLog validation failed: performerRole: Path `performerRole` is required.
[2026-04-24 13:46:13] ERROR: Failed to create audit log: AuditLog validation failed: performedBy: Path `performedBy` is required., performerRole: Path `performerRole` is required., category: Path `category` is required.
[2026-04-24 13:53:42] ERROR: Failed to create audit log: AuditLog validation failed: performedBy: Path `performedBy` is required., performerRole: Path `performerRole` is required., category: Path `category` is required.
[2026-04-24 13:56:49] ERROR: Failed to create audit log: AuditLog validation failed: performedBy: Path `performedBy` is required., performerRole: Path `performerRole` is required., category: Path `category` is required.
[2026-04-24 21:59:06] ERROR: Failed to create audit log: AuditLog validation failed: performedBy: Path `performedBy` is required.
[2026-04-24 22:01:28] ERROR: Failed to create audit log: AuditLog validation failed: performedBy: Path `performedBy` is required.
[2026-04-24 22:02:08] ERROR: Failed to create audit log: AuditLog validation failed: performedBy: Path `performedBy` is required., performerRole: Path `performerRole` is required., category: Path `category` is required.
[2026-04-24 22:02:42] ERROR: Failed to create audit log: AuditLog validation failed: performedBy: Path `performedBy` is required., performerRole: Path `performerRole` is required., category: Path `category` is required.
[2026-04-24 22:03:33] ERROR: Failed to create audit log: AuditLog validation failed: performerRole: Path `performerRole` is required.
[2026-04-24 22:04:09] ERROR: Failed to create audit log: AuditLog validation failed: performedBy: Path `performedBy` is required., performerRole: Path `performerRole` is required., category: Path `category` is required.
[2026-04-30 17:00:24] ERROR: MongoDB connection failed: Could not connect to any servers in your MongoDB Atlas cluster. One common reason is that you're trying to access the database from an IP that isn't whitelisted. Make sure your current IP address is on your Atlas cluster's IP whitelist: https://www.mongodb.com/docs/atlas/security-whitelist/
[2026-04-30 17:20:25] ERROR: Failed to create audit log: AuditLog validation failed: performedBy: Path `performedBy` is required.
[2026-04-30 17:23:53] ERROR: Failed to create audit log: AuditLog validation failed: performedBy: Path `performedBy` is required.
[2026-04-30 17:28:54] ERROR: Failed to create audit log: AuditLog validation failed: performedBy: Path `performedBy` is required., performerRole: Path `performerRole` is required., category: Path `category` is required.
[2026-04-30 17:31:24] ERROR: Failed to create audit log: AuditLog validation failed: performedBy: Path `performedBy` is required., performerRole: Path `performerRole` is required., category: Path `category` is required.
[2026-04-30 17:32:53] ERROR: Failed to create audit log: AuditLog validation failed: performerRole: Path `performerRole` is required.
[2026-04-30 17:34:20] ERROR: Failed to create audit log: AuditLog validation failed: performerRole: Path `performerRole` is required.
[2026-04-30 17:34:56] ERROR: Failed to create audit log: AuditLog validation failed: performedBy: Path `performedBy` is required., performerRole: Path `performerRole` is required., category: Path `category` is required.
[2026-05-31 15:12:54] ERROR: MongoDB connection failed: Could not connect to any servers in your MongoDB Atlas cluster. One common reason is that you're trying to access the database from an IP that isn't whitelisted. Make sure your current IP address is on your Atlas cluster's IP whitelist: https://www.mongodb.com/docs/atlas/security-whitelist/
